moggi: HostException: Attempted to divide by zero.
  at Main.boom (tests/backend/runtime/Exec-Exception-HostFrame.mog:10:8)
  at Main.main (tests/backend/runtime/Exec-Exception-HostFrame.mog:13:8)
caused by: System.DivideByZeroException: Attempted to divide by zero.
  #0 Moggi.Main.boom (il:0)
  #1 Moggi.Main.main (il:0)
  #2 Moggi.Main.Main (il:6)
