varid "zero" @ 3:1
op "=" @ 3:6
integer "0" @ 3:8
varid "leading" @ 4:1
op "=" @ 4:9
integer "007" @ 4:11
varid "big" @ 5:1
op "=" @ 5:5
integer "1234567890" @ 5:7
varid "frac" @ 6:1
op "=" @ 6:6
float "1.5" @ 6:8
varid "trailing" @ 7:1
op "=" @ 7:10
float "12.75" @ 7:12
varid "exponent" @ 9:1
op "=" @ 9:10
float "1e21" @ 9:12
varid "exponentSigned" @ 10:1
op "=" @ 10:16
float "1.5e-3" @ 10:18
varid "exponentUpper" @ 11:1
op "=" @ 11:15
float "2E3" @ 11:17
varid "notExponent" @ 12:1
op "=" @ 12:13
integer "1" @ 12:15
varid "e" @ 12:16
eof "" @ 13:1
