varid "a" @ 3:1
op "=" @ 3:3
varid "x" @ 3:5
op ">>=" @ 3:7
varid "f" @ 3:11
varid "b" @ 4:1
op "=" @ 4:3
varid "y" @ 4:5
op "<$>" @ 4:7
varid "z" @ 4:11
varid "c" @ 5:1
op "=" @ 5:3
varid "p" @ 5:5
op "&&" @ 5:7
varid "q" @ 5:10
op "||" @ 5:12
varid "r" @ 5:15
varid "d" @ 6:1
op "=" @ 6:3
varid "f" @ 6:5
op ".:" @ 6:7
varid "g" @ 6:10
eof "" @ 7:1
