program
  data Box a
    constructor Box
      field  :: a
    deriving (Functor, Foldable, Traversable, Eq)
  function __ev_Functor_Box_map :: t324 -> t325 -> Box t324 -> Box t325
    pat_var __f
    pat_var __x
    case
      variable __x
      alt
        pat_con Box
          pat_var __v0
        apply
          constructor_ref Box
          apply
            variable __f
            variable __v0
  function __ev_Foldable_Box_foldr :: t346 -> t347 -> t347 -> t347 -> Box t346 -> t347
    pat_var __f
    pat_var __z
    pat_var __x
    case
      variable __x
      alt
        pat_con Box
          pat_var __v0
        apply
          apply
            variable __f
            variable __v0
          variable __z
  function __ev_Foldable_Box_fold :: __Dict_Semigroup -> __Dict_Monoid -> Box t350 -> t350
    pat_var __ev_Semigroup
    pat_var __ev_Monoid_1
    pat_var t
    apply
      apply
        apply
          apply
            evidence_method Foldable.foldMap evidence= nullary=0
              instance Box
            variable __ev_Semigroup
          variable __ev_Monoid_1
        lambda
          pat_var x
          variable x
      variable t
  function __ev_Foldable_Box_foldMap :: __Dict_Semigroup -> __Dict_Monoid -> t366 -> t371 -> Box t366 -> t371
    pat_var __ev_Semigroup
    pat_var __ev_Monoid_1
    pat_var f
    pat_var t
    apply
      apply
        apply
          evidence_method Foldable.foldr evidence= nullary=0
            instance Box
          lambda
            pat_var x
            pat_var acc
            apply
              apply
                evidence_method Semigroup.<> evidence=__ev_Semigroup nullary=0
                apply
                  variable f
                  variable x
              variable acc
        evidence_method Monoid.mempty evidence=__ev_Monoid_1 nullary=1
      variable t
  function __ev_Foldable_Box_foldl :: t383 -> t380 -> t383 -> t383 -> Box t380 -> t383
    pat_var f
    pat_var z
    pat_var t
    apply
      apply
        variable appEndo
        apply
          variable getDual
          apply
            apply
              apply
                apply
                  evidence_method Foldable.foldMap evidence= nullary=0
                    instance Box
                  evidence_ref Semigroup Dual a
                evidence_ref Monoid Dual a
              lambda
                pat_var x
                apply
                  constructor_ref Dual
                  apply
                    constructor_ref Endo
                    lambda
                      pat_var acc
                      apply
                        apply
                          variable f
                          variable acc
                        variable x
            variable t
      variable z
  function __ev_Foldable_Box_toList :: Box t411 -> [t411]
    pat_var t
    apply
      apply
        apply
          evidence_method Foldable.foldr evidence= nullary=0
            instance Box
          lambda
            pat_var x
            pat_var xs
            infix :
              variable x
              variable xs
        list
      variable t
  function __ev_Foldable_Box_null :: Box t421 -> Bool
    pat_var t
    apply
      apply
        apply
          evidence_method Foldable.foldr evidence= nullary=0
            instance Box
          lambda
            pat_var ignoredX
            pat_var ignoredAcc
            constructor_ref False
        constructor_ref True
      variable t
  function __ev_Foldable_Box_length :: Box t428 -> Int
    pat_var t
    apply
      apply
        apply
          evidence_method Foldable.foldl evidence= nullary=0
            instance Box
          lambda
            pat_var n
            pat_var ignored
            infix +
              variable n
              integer 1
        integer 0
      variable t
  function __ev_Foldable_Box_elem :: __Dict_Eq -> t445 -> Box t445 -> Bool
    pat_var __ev_Eq
    pat_var x
    pat_var t
    apply
      apply
        apply
          variable any
          evidence_ref Foldable Box
        lambda
          pat_var y
          apply
            apply
              evidence_method Eq.== evidence=__ev_Eq nullary=0
              variable x
            variable y
      variable t
  function __ev_Foldable_Box_maximum :: __Dict_Eq -> __Dict_Ord -> Box t465 -> t465
    pat_var __ev_Eq
    pat_var __ev_Ord_1
    pat_var t
    case
      apply
        evidence_method Foldable.toList evidence= nullary=0
          instance Box
        variable t
      alt
        pat_nil
        apply
          variable error
          string "Foldable.maximum: empty structure"
      alt
        pat_cons
          pat_var x
          pat_var xs
        let
          binding
            pat_var go
            lambda
              pat_var __ev_dict0
              pat_var __ev_dict1
              lambda
                pat_var acc
                pat_var ys
                case
                  variable ys
                  alt
                    pat_nil
                    variable acc
                  alt
                    pat_cons
                      pat_var y
                      pat_var rest
                    apply
                      apply
                        apply
                          apply
                            variable go
                            variable __ev_dict0
                          variable __ev_dict1
                        apply
                          apply
                            evidence_method Ord.max evidence=__ev_dict1 nullary=0
                            variable acc
                          variable y
                      variable rest
          apply
            apply
              apply
                apply
                  variable go
                  variable __ev_Eq
                variable __ev_Ord_1
              variable x
            variable xs
  function __ev_Foldable_Box_minimum :: __Dict_Eq -> __Dict_Ord -> Box t494 -> t494
    pat_var __ev_Eq
    pat_var __ev_Ord_1
    pat_var t
    case
      apply
        evidence_method Foldable.toList evidence= nullary=0
          instance Box
        variable t
      alt
        pat_nil
        apply
          variable error
          string "Foldable.minimum: empty structure"
      alt
        pat_cons
          pat_var x
          pat_var xs
        let
          binding
            pat_var go
            lambda
              pat_var __ev_dict2
              pat_var __ev_dict3
              lambda
                pat_var acc
                pat_var ys
                case
                  variable ys
                  alt
                    pat_nil
                    variable acc
                  alt
                    pat_cons
                      pat_var y
                      pat_var rest
                    apply
                      apply
                        apply
                          apply
                            variable go
                            variable __ev_dict2
                          variable __ev_dict3
                        apply
                          apply
                            evidence_method Ord.min evidence=__ev_dict3 nullary=0
                            variable acc
                          variable y
                      variable rest
          apply
            apply
              apply
                apply
                  variable go
                  variable __ev_Eq
                variable __ev_Ord_1
              variable x
            variable xs
  function __ev_Foldable_Box_sum :: __Dict_Num -> Box t507 -> t507
    pat_var __ev_Num
    pat_var t
    apply
      apply
        apply
          evidence_method Foldable.foldl evidence= nullary=0
            instance Box
          lambda
            pat_var a
            pat_var b
            apply
              apply
                evidence_method Num.+ evidence=__ev_Num nullary=0
                variable a
              variable b
        apply
          evidence_method Num.fromInteger evidence=__ev_Num nullary=0
          intrinsic intToInteger#
            integer 0
      variable t
  function __ev_Foldable_Box_product :: __Dict_Num -> Box t524 -> t524
    pat_var __ev_Num
    pat_var t
    apply
      apply
        apply
          evidence_method Foldable.foldl evidence= nullary=0
            instance Box
          lambda
            pat_var a
            pat_var b
            apply
              apply
                evidence_method Num.* evidence=__ev_Num nullary=0
                variable a
              variable b
        apply
          evidence_method Num.fromInteger evidence=__ev_Num nullary=0
          intrinsic intToInteger#
            integer 1
      variable t
  function __ev_Foldable_Box_foldr1 :: t543 -> t543 -> t543 -> Box t543 -> t543
    pat_var f
    pat_var t
    let
      binding
        pat_var go
        lambda
          pat_var ys
          case
            variable ys
            alt
              pat_nil
              apply
                variable error
                string "Foldable.foldr1: empty structure"
            alt
              pat_cons
                pat_var x
                pat_nil
              variable x
            alt
              pat_cons
                pat_var x
                pat_var zs
              apply
                apply
                  variable f
                  variable x
                apply
                  variable go
                  variable zs
      apply
        variable go
        apply
          evidence_method Foldable.toList evidence= nullary=0
            instance Box
          variable t
  function __ev_Foldable_Box_foldl1 :: t564 -> t564 -> t564 -> Box t564 -> t564
    pat_var f
    pat_var t
    case
      apply
        evidence_method Foldable.toList evidence= nullary=0
          instance Box
        variable t
      alt
        pat_nil
        apply
          variable error
          string "Foldable.foldl1: empty structure"
      alt
        pat_cons
          pat_var x
          pat_var xs
        let
          binding
            pat_var go
            lambda
              pat_var acc
              pat_var ys
              case
                variable ys
                alt
                  pat_nil
                  variable acc
                alt
                  pat_cons
                    pat_var y
                    pat_var rest
                  apply
                    apply
                      variable go
                      apply
                        apply
                          variable f
                          variable acc
                        variable y
                    variable rest
          apply
            apply
              variable go
              variable x
            variable xs
  function __ev_Traversable_Box_traverse :: __Dict_Functor -> __Dict_Applicative -> t583 -> t585 t584 -> Box t583 -> t585 Box t584
    pat_var __ev_Functor
    pat_var __ev_Applicative_1
    pat_var __f
    pat_var __x
    case
      variable __x
      alt
        pat_con Box
          pat_var __v0
        apply
          apply
            evidence_method Applicative.<*> evidence=__ev_Applicative_1 nullary=0
            apply
              evidence_method Applicative.pure evidence=__ev_Applicative_1 nullary=0
              constructor_ref Box
          apply
            variable __f
            variable __v0
  function __ev_Traversable_Box_sequenceA :: __Dict_Functor -> __Dict_Applicative -> Box t600 t599 -> t600 Box t599
    pat_var __ev_Functor
    pat_var __ev_Applicative_1
    pat_var t
    apply
      apply
        apply
          apply
            evidence_method Traversable.traverse evidence= nullary=0
              instance Box
            variable __ev_Functor
          variable __ev_Applicative_1
        lambda
          pat_var x
          variable x
      variable t
  function __ev_Traversable_Box_mapM :: __Dict_Functor -> __Dict_Applicative -> __Dict_Monad -> t612 -> t614 t613 -> Box t612 -> t614 Box t613
    pat_var __ev_Functor
    pat_var __ev_Applicative_1
    pat_var __ev_Monad_2
    pat_var f
    pat_var t
    apply
      apply
        apply
          apply
            evidence_method Traversable.traverse evidence= nullary=0
              instance Box
            variable __ev_Functor
          variable __ev_Applicative_1
        variable f
      variable t
  function __ev_Traversable_Box_sequence :: __Dict_Functor -> __Dict_Applicative -> __Dict_Monad -> Box t627 t626 -> t627 Box t626
    pat_var __ev_Functor
    pat_var __ev_Applicative_1
    pat_var __ev_Monad_2
    pat_var t
    apply
      apply
        apply
          evidence_method Traversable.sequenceA evidence= nullary=0
            instance Box
          variable __ev_Functor
        variable __ev_Applicative_1
      variable t
  function __ev_Eq_Box_eq :: __Dict_Eq -> Box t639 -> Box t639 -> Bool
    pat_var __ev_Eq
    pat_var __l
    pat_var __r
    case
      variable __l
      alt
        pat_con Box
          pat_var __a0
        case
          variable __r
          alt
            pat_con Box
              pat_var __b0
            apply
              apply
                evidence_method Eq.== evidence=__ev_Eq nullary=0
                variable __a0
              variable __b0
          alt
            pat_wild _
            constructor_ref False
  function __ev_Eq_Box_ne :: __Dict_Eq -> Box t639 -> Box t639 -> Bool
    pat_var __ev_Eq
    pat_var __l
    pat_var __r
    case
      case
        variable __l
        alt
          pat_con Box
            pat_var __a0
          case
            variable __r
            alt
              pat_con Box
                pat_var __b0
              apply
                apply
                  evidence_method Eq.== evidence=__ev_Eq nullary=0
                  variable __a0
                variable __b0
            alt
              pat_wild _
              constructor_ref False
      alt
        pat_con True
        constructor_ref False
      alt
        pat_con False
        constructor_ref True
  data Pair a b
    constructor Pair
      field  :: a
      field  :: b
    deriving (Functor, Foldable, Traversable)
  function __ev_Functor_Pair_map :: t983 -> t984 -> Pair t979 t983 -> Pair t979 t984
    pat_var __f
    pat_var __x
    case
      variable __x
      alt
        pat_con Pair
          pat_var __v0
          pat_var __v1
        apply
          apply
            constructor_ref Pair
            variable __v0
          apply
            variable __f
            variable __v1
  function __ev_Foldable_Pair_foldr :: t1023 -> t1024 -> t1024 -> t1024 -> Pair t991 t1023 -> t1024
    pat_var __f
    pat_var __z
    pat_var __x
    case
      variable __x
      alt
        pat_con Pair
          pat_var __v0
          pat_var __v1
        apply
          apply
            variable __f
            variable __v1
          variable __z
  function __ev_Foldable_Pair_fold :: __Dict_Semigroup -> __Dict_Monoid -> Pair t991 t1028 -> t1028
    pat_var __ev_Semigroup
    pat_var __ev_Monoid_1
    pat_var t
    apply
      apply
        apply
          apply
            evidence_method Foldable.foldMap evidence= nullary=0
              instance Pair a
            variable __ev_Semigroup
          variable __ev_Monoid_1
        lambda
          pat_var x
          variable x
      variable t
  function __ev_Foldable_Pair_foldMap :: __Dict_Semigroup -> __Dict_Monoid -> t1049 -> t1054 -> Pair t991 t1049 -> t1054
    pat_var __ev_Semigroup
    pat_var __ev_Monoid_1
    pat_var f
    pat_var t
    apply
      apply
        apply
          evidence_method Foldable.foldr evidence= nullary=0
            instance Pair a
          lambda
            pat_var x
            pat_var acc
            apply
              apply
                evidence_method Semigroup.<> evidence=__ev_Semigroup nullary=0
                apply
                  variable f
                  variable x
              variable acc
        evidence_method Monoid.mempty evidence=__ev_Monoid_1 nullary=1
      variable t
  function __ev_Foldable_Pair_foldl :: t1070 -> t1067 -> t1070 -> t1070 -> Pair t991 t1067 -> t1070
    pat_var f
    pat_var z
    pat_var t
    apply
      apply
        variable appEndo
        apply
          variable getDual
          apply
            apply
              apply
                apply
                  evidence_method Foldable.foldMap evidence= nullary=0
                    instance Pair a
                  evidence_ref Semigroup Dual a
                evidence_ref Monoid Dual a
              lambda
                pat_var x
                apply
                  constructor_ref Dual
                  apply
                    constructor_ref Endo
                    lambda
                      pat_var acc
                      apply
                        apply
                          variable f
                          variable acc
                        variable x
            variable t
      variable z
  function __ev_Foldable_Pair_toList :: Pair t991 t1098 -> [t1098]
    pat_var t
    apply
      apply
        apply
          evidence_method Foldable.foldr evidence= nullary=0
            instance Pair a
          lambda
            pat_var x
            pat_var xs
            infix :
              variable x
              variable xs
        list
      variable t
  function __ev_Foldable_Pair_null :: Pair t991 t1112 -> Bool
    pat_var t
    apply
      apply
        apply
          evidence_method Foldable.foldr evidence= nullary=0
            instance Pair a
          lambda
            pat_var ignoredX
            pat_var ignoredAcc
            constructor_ref False
        constructor_ref True
      variable t
  function __ev_Foldable_Pair_length :: Pair t991 t1123 -> Int
    pat_var t
    apply
      apply
        apply
          evidence_method Foldable.foldl evidence= nullary=0
            instance Pair a
          lambda
            pat_var n
            pat_var ignored
            infix +
              variable n
              integer 1
        integer 0
      variable t
  function __ev_Foldable_Pair_elem :: __Dict_Eq -> t1144 -> Pair t991 t1144 -> Bool
    pat_var __ev_Eq
    pat_var x
    pat_var t
    apply
      apply
        apply
          variable any
          evidence_ref Foldable Pair a
        lambda
          pat_var y
          apply
            apply
              evidence_method Eq.== evidence=__ev_Eq nullary=0
              variable x
            variable y
      variable t
  function __ev_Foldable_Pair_maximum :: __Dict_Eq -> __Dict_Ord -> Pair t991 t1172 -> t1172
    pat_var __ev_Eq
    pat_var __ev_Ord_1
    pat_var t
    case
      apply
        evidence_method Foldable.toList evidence= nullary=0
          instance Pair a
        variable t
      alt
        pat_nil
        apply
          variable error
          string "Foldable.maximum: empty structure"
      alt
        pat_cons
          pat_var x
          pat_var xs
        let
          binding
            pat_var go
            lambda
              pat_var __ev_dict4
              pat_var __ev_dict5
              lambda
                pat_var acc
                pat_var ys
                case
                  variable ys
                  alt
                    pat_nil
                    variable acc
                  alt
                    pat_cons
                      pat_var y
                      pat_var rest
                    apply
                      apply
                        apply
                          apply
                            variable go
                            variable __ev_dict4
                          variable __ev_dict5
                        apply
                          apply
                            evidence_method Ord.max evidence=__ev_dict5 nullary=0
                            variable acc
                          variable y
                      variable rest
          apply
            apply
              apply
                apply
                  variable go
                  variable __ev_Eq
                variable __ev_Ord_1
              variable x
            variable xs
  function __ev_Foldable_Pair_minimum :: __Dict_Eq -> __Dict_Ord -> Pair t991 t1205 -> t1205
    pat_var __ev_Eq
    pat_var __ev_Ord_1
    pat_var t
    case
      apply
        evidence_method Foldable.toList evidence= nullary=0
          instance Pair a
        variable t
      alt
        pat_nil
        apply
          variable error
          string "Foldable.minimum: empty structure"
      alt
        pat_cons
          pat_var x
          pat_var xs
        let
          binding
            pat_var go
            lambda
              pat_var __ev_dict6
              pat_var __ev_dict7
              lambda
                pat_var acc
                pat_var ys
                case
                  variable ys
                  alt
                    pat_nil
                    variable acc
                  alt
                    pat_cons
                      pat_var y
                      pat_var rest
                    apply
                      apply
                        apply
                          apply
                            variable go
                            variable __ev_dict6
                          variable __ev_dict7
                        apply
                          apply
                            evidence_method Ord.min evidence=__ev_dict7 nullary=0
                            variable acc
                          variable y
                      variable rest
          apply
            apply
              apply
                apply
                  variable go
                  variable __ev_Eq
                variable __ev_Ord_1
              variable x
            variable xs
  function __ev_Foldable_Pair_sum :: __Dict_Num -> Pair t991 t1218 -> t1218
    pat_var __ev_Num
    pat_var t
    apply
      apply
        apply
          evidence_method Foldable.foldl evidence= nullary=0
            instance Pair a
          lambda
            pat_var a
            pat_var b
            apply
              apply
                evidence_method Num.+ evidence=__ev_Num nullary=0
                variable a
              variable b
        apply
          evidence_method Num.fromInteger evidence=__ev_Num nullary=0
          intrinsic intToInteger#
            integer 0
      variable t
  function __ev_Foldable_Pair_product :: __Dict_Num -> Pair t991 t1239 -> t1239
    pat_var __ev_Num
    pat_var t
    apply
      apply
        apply
          evidence_method Foldable.foldl evidence= nullary=0
            instance Pair a
          lambda
            pat_var a
            pat_var b
            apply
              apply
                evidence_method Num.* evidence=__ev_Num nullary=0
                variable a
              variable b
        apply
          evidence_method Num.fromInteger evidence=__ev_Num nullary=0
          intrinsic intToInteger#
            integer 1
      variable t
  function __ev_Foldable_Pair_foldr1 :: t1262 -> t1262 -> t1262 -> Pair t991 t1262 -> t1262
    pat_var f
    pat_var t
    let
      binding
        pat_var go
        lambda
          pat_var ys
          case
            variable ys
            alt
              pat_nil
              apply
                variable error
                string "Foldable.foldr1: empty structure"
            alt
              pat_cons
                pat_var x
                pat_nil
              variable x
            alt
              pat_cons
                pat_var x
                pat_var zs
              apply
                apply
                  variable f
                  variable x
                apply
                  variable go
                  variable zs
      apply
        variable go
        apply
          evidence_method Foldable.toList evidence= nullary=0
            instance Pair a
          variable t
  function __ev_Foldable_Pair_foldl1 :: t1291 -> t1291 -> t1291 -> Pair t991 t1291 -> t1291
    pat_var f
    pat_var t
    case
      apply
        evidence_method Foldable.toList evidence= nullary=0
          instance Pair a
        variable t
      alt
        pat_nil
        apply
          variable error
          string "Foldable.foldl1: empty structure"
      alt
        pat_cons
          pat_var x
          pat_var xs
        let
          binding
            pat_var go
            lambda
              pat_var acc
              pat_var ys
              case
                variable ys
                alt
                  pat_nil
                  variable acc
                alt
                  pat_cons
                    pat_var y
                    pat_var rest
                  apply
                    apply
                      variable go
                      apply
                        apply
                          variable f
                          variable acc
                        variable y
                    variable rest
          apply
            apply
              variable go
              variable x
            variable xs
  function __ev_Traversable_Pair_traverse :: __Dict_Functor -> __Dict_Applicative -> t1317 -> t1319 t1318 -> Pair t1304 t1317 -> t1319 Pair t1304 t1318
    pat_var __ev_Functor
    pat_var __ev_Applicative_1
    pat_var __f
    pat_var __x
    case
      variable __x
      alt
        pat_con Pair
          pat_var __v0
          pat_var __v1
        apply
          apply
            evidence_method Applicative.<*> evidence=__ev_Applicative_1 nullary=0
            apply
              apply
                evidence_method Applicative.<*> evidence=__ev_Applicative_1 nullary=0
                apply
                  evidence_method Applicative.pure evidence=__ev_Applicative_1 nullary=0
                  constructor_ref Pair
              apply
                evidence_method Applicative.pure evidence=__ev_Applicative_1 nullary=0
                variable __v0
          apply
            variable __f
            variable __v1
  function __ev_Traversable_Pair_sequenceA :: __Dict_Functor -> __Dict_Applicative -> Pair t1304 t1341 t1340 -> t1341 Pair t1304 t1340
    pat_var __ev_Functor
    pat_var __ev_Applicative_1
    pat_var t
    apply
      apply
        apply
          apply
            evidence_method Traversable.traverse evidence= nullary=0
              instance Pair a
            variable __ev_Functor
          variable __ev_Applicative_1
        lambda
          pat_var x
          variable x
      variable t
  function __ev_Traversable_Pair_mapM :: __Dict_Functor -> __Dict_Applicative -> __Dict_Monad -> t1366 -> t1368 t1367 -> Pair t1304 t1366 -> t1368 Pair t1304 t1367
    pat_var __ev_Functor
    pat_var __ev_Applicative_1
    pat_var __ev_Monad_2
    pat_var f
    pat_var t
    apply
      apply
        apply
          apply
            evidence_method Traversable.traverse evidence= nullary=0
              instance Pair a
            variable __ev_Functor
          variable __ev_Applicative_1
        variable f
      variable t
  function __ev_Traversable_Pair_sequence :: __Dict_Functor -> __Dict_Applicative -> __Dict_Monad -> Pair t1304 t1393 t1392 -> t1393 Pair t1304 t1392
    pat_var __ev_Functor
    pat_var __ev_Applicative_1
    pat_var __ev_Monad_2
    pat_var t
    apply
      apply
        apply
          evidence_method Traversable.sequenceA evidence= nullary=0
            instance Pair a
          variable __ev_Functor
        variable __ev_Applicative_1
      variable t
  data Tree a
    constructor Leaf
      field  :: a
    constructor Node
      field  :: Tree a
      field  :: Tree a
    deriving (Functor, Foldable, Traversable)
  function __ev_Functor_Tree_map :: t1737 -> t1738 -> Tree t1737 -> Tree t1738
    pat_var __f
    pat_var __x
    case
      variable __x
      alt
        pat_con Leaf
          pat_var __v0
        apply
          constructor_ref Leaf
          apply
            variable __f
            variable __v0
      alt
        pat_con Node
          pat_var __v0
          pat_var __v1
        apply
          apply
            constructor_ref Node
            apply
              apply
                evidence_method Functor.map evidence= nullary=0
                  instance Tree
                variable __f
              variable __v0
          apply
            apply
              evidence_method Functor.map evidence= nullary=0
                instance Tree
              variable __f
            variable __v1
  function __ev_Foldable_Tree_foldr :: t1769 -> t1770 -> t1770 -> t1770 -> Tree t1769 -> t1770
    pat_var __f
    pat_var __z
    pat_var __x
    case
      variable __x
      alt
        pat_con Leaf
          pat_var __v0
        apply
          apply
            variable __f
            variable __v0
          variable __z
      alt
        pat_con Node
          pat_var __v0
          pat_var __v1
        apply
          apply
            apply
              evidence_method Foldable.foldr evidence= nullary=0
                instance Tree
              variable __f
            apply
              apply
                apply
                  evidence_method Foldable.foldr evidence= nullary=0
                    instance Tree
                  variable __f
                variable __z
              variable __v1
          variable __v0
  function __ev_Foldable_Tree_fold :: __Dict_Semigroup -> __Dict_Monoid -> Tree t1781 -> t1781
    pat_var __ev_Semigroup
    pat_var __ev_Monoid_1
    pat_var t
    apply
      apply
        apply
          apply
            evidence_method Foldable.foldMap evidence= nullary=0
              instance Tree
            variable __ev_Semigroup
          variable __ev_Monoid_1
        lambda
          pat_var x
          variable x
      variable t
  function __ev_Foldable_Tree_foldMap :: __Dict_Semigroup -> __Dict_Monoid -> t1797 -> t1802 -> Tree t1797 -> t1802
    pat_var __ev_Semigroup
    pat_var __ev_Monoid_1
    pat_var f
    pat_var t
    apply
      apply
        apply
          evidence_method Foldable.foldr evidence= nullary=0
            instance Tree
          lambda
            pat_var x
            pat_var acc
            apply
              apply
                evidence_method Semigroup.<> evidence=__ev_Semigroup nullary=0
                apply
                  variable f
                  variable x
              variable acc
        evidence_method Monoid.mempty evidence=__ev_Monoid_1 nullary=1
      variable t
  function __ev_Foldable_Tree_foldl :: t1814 -> t1811 -> t1814 -> t1814 -> Tree t1811 -> t1814
    pat_var f
    pat_var z
    pat_var t
    apply
      apply
        variable appEndo
        apply
          variable getDual
          apply
            apply
              apply
                apply
                  evidence_method Foldable.foldMap evidence= nullary=0
                    instance Tree
                  evidence_ref Semigroup Dual a
                evidence_ref Monoid Dual a
              lambda
                pat_var x
                apply
                  constructor_ref Dual
                  apply
                    constructor_ref Endo
                    lambda
                      pat_var acc
                      apply
                        apply
                          variable f
                          variable acc
                        variable x
            variable t
      variable z
  function __ev_Foldable_Tree_toList :: Tree t1838 -> [t1838]
    pat_var t
    apply
      apply
        apply
          evidence_method Foldable.foldr evidence= nullary=0
            instance Tree
          lambda
            pat_var x
            pat_var xs
            infix :
              variable x
              variable xs
        list
      variable t
  function __ev_Foldable_Tree_null :: Tree t1848 -> Bool
    pat_var t
    apply
      apply
        apply
          evidence_method Foldable.foldr evidence= nullary=0
            instance Tree
          lambda
            pat_var ignoredX
            pat_var ignoredAcc
            constructor_ref False
        constructor_ref True
      variable t
  function __ev_Foldable_Tree_length :: Tree t1855 -> Int
    pat_var t
    apply
      apply
        apply
          evidence_method Foldable.foldl evidence= nullary=0
            instance Tree
          lambda
            pat_var n
            pat_var ignored
            infix +
              variable n
              integer 1
        integer 0
      variable t
  function __ev_Foldable_Tree_elem :: __Dict_Eq -> t1872 -> Tree t1872 -> Bool
    pat_var __ev_Eq
    pat_var x
    pat_var t
    apply
      apply
        apply
          variable any
          evidence_ref Foldable Tree
        lambda
          pat_var y
          apply
            apply
              evidence_method Eq.== evidence=__ev_Eq nullary=0
              variable x
            variable y
      variable t
  function __ev_Foldable_Tree_maximum :: __Dict_Eq -> __Dict_Ord -> Tree t1892 -> t1892
    pat_var __ev_Eq
    pat_var __ev_Ord_1
    pat_var t
    case
      apply
        evidence_method Foldable.toList evidence= nullary=0
          instance Tree
        variable t
      alt
        pat_nil
        apply
          variable error
          string "Foldable.maximum: empty structure"
      alt
        pat_cons
          pat_var x
          pat_var xs
        let
          binding
            pat_var go
            lambda
              pat_var __ev_dict8
              pat_var __ev_dict9
              lambda
                pat_var acc
                pat_var ys
                case
                  variable ys
                  alt
                    pat_nil
                    variable acc
                  alt
                    pat_cons
                      pat_var y
                      pat_var rest
                    apply
                      apply
                        apply
                          apply
                            variable go
                            variable __ev_dict8
                          variable __ev_dict9
                        apply
                          apply
                            evidence_method Ord.max evidence=__ev_dict9 nullary=0
                            variable acc
                          variable y
                      variable rest
          apply
            apply
              apply
                apply
                  variable go
                  variable __ev_Eq
                variable __ev_Ord_1
              variable x
            variable xs
  function __ev_Foldable_Tree_minimum :: __Dict_Eq -> __Dict_Ord -> Tree t1921 -> t1921
    pat_var __ev_Eq
    pat_var __ev_Ord_1
    pat_var t
    case
      apply
        evidence_method Foldable.toList evidence= nullary=0
          instance Tree
        variable t
      alt
        pat_nil
        apply
          variable error
          string "Foldable.minimum: empty structure"
      alt
        pat_cons
          pat_var x
          pat_var xs
        let
          binding
            pat_var go
            lambda
              pat_var __ev_dict10
              pat_var __ev_dict11
              lambda
                pat_var acc
                pat_var ys
                case
                  variable ys
                  alt
                    pat_nil
                    variable acc
                  alt
                    pat_cons
                      pat_var y
                      pat_var rest
                    apply
                      apply
                        apply
                          apply
                            variable go
                            variable __ev_dict10
                          variable __ev_dict11
                        apply
                          apply
                            evidence_method Ord.min evidence=__ev_dict11 nullary=0
                            variable acc
                          variable y
                      variable rest
          apply
            apply
              apply
                apply
                  variable go
                  variable __ev_Eq
                variable __ev_Ord_1
              variable x
            variable xs
  function __ev_Foldable_Tree_sum :: __Dict_Num -> Tree t1934 -> t1934
    pat_var __ev_Num
    pat_var t
    apply
      apply
        apply
          evidence_method Foldable.foldl evidence= nullary=0
            instance Tree
          lambda
            pat_var a
            pat_var b
            apply
              apply
                evidence_method Num.+ evidence=__ev_Num nullary=0
                variable a
              variable b
        apply
          evidence_method Num.fromInteger evidence=__ev_Num nullary=0
          intrinsic intToInteger#
            integer 0
      variable t
  function __ev_Foldable_Tree_product :: __Dict_Num -> Tree t1951 -> t1951
    pat_var __ev_Num
    pat_var t
    apply
      apply
        apply
          evidence_method Foldable.foldl evidence= nullary=0
            instance Tree
          lambda
            pat_var a
            pat_var b
            apply
              apply
                evidence_method Num.* evidence=__ev_Num nullary=0
                variable a
              variable b
        apply
          evidence_method Num.fromInteger evidence=__ev_Num nullary=0
          intrinsic intToInteger#
            integer 1
      variable t
  function __ev_Foldable_Tree_foldr1 :: t1970 -> t1970 -> t1970 -> Tree t1970 -> t1970
    pat_var f
    pat_var t
    let
      binding
        pat_var go
        lambda
          pat_var ys
          case
            variable ys
            alt
              pat_nil
              apply
                variable error
                string "Foldable.foldr1: empty structure"
            alt
              pat_cons
                pat_var x
                pat_nil
              variable x
            alt
              pat_cons
                pat_var x
                pat_var zs
              apply
                apply
                  variable f
                  variable x
                apply
                  variable go
                  variable zs
      apply
        variable go
        apply
          evidence_method Foldable.toList evidence= nullary=0
            instance Tree
          variable t
  function __ev_Foldable_Tree_foldl1 :: t1991 -> t1991 -> t1991 -> Tree t1991 -> t1991
    pat_var f
    pat_var t
    case
      apply
        evidence_method Foldable.toList evidence= nullary=0
          instance Tree
        variable t
      alt
        pat_nil
        apply
          variable error
          string "Foldable.foldl1: empty structure"
      alt
        pat_cons
          pat_var x
          pat_var xs
        let
          binding
            pat_var go
            lambda
              pat_var acc
              pat_var ys
              case
                variable ys
                alt
                  pat_nil
                  variable acc
                alt
                  pat_cons
                    pat_var y
                    pat_var rest
                  apply
                    apply
                      variable go
                      apply
                        apply
                          variable f
                          variable acc
                        variable y
                    variable rest
          apply
            apply
              variable go
              variable x
            variable xs
  function __ev_Traversable_Tree_traverse :: __Dict_Functor -> __Dict_Applicative -> t2011 -> t2013 t2012 -> Tree t2011 -> t2013 Tree t2012
    pat_var __ev_Functor
    pat_var __ev_Applicative_1
    pat_var __f
    pat_var __x
    case
      variable __x
      alt
        pat_con Leaf
          pat_var __v0
        apply
          apply
            evidence_method Applicative.<*> evidence=__ev_Applicative_1 nullary=0
            apply
              evidence_method Applicative.pure evidence=__ev_Applicative_1 nullary=0
              constructor_ref Leaf
          apply
            variable __f
            variable __v0
      alt
        pat_con Node
          pat_var __v0
          pat_var __v1
        apply
          apply
            evidence_method Applicative.<*> evidence=__ev_Applicative_1 nullary=0
            apply
              apply
                evidence_method Applicative.<*> evidence=__ev_Applicative_1 nullary=0
                apply
                  evidence_method Applicative.pure evidence=__ev_Applicative_1 nullary=0
                  constructor_ref Node
              apply
                apply
                  apply
                    apply
                      evidence_method Traversable.traverse evidence= nullary=0
                        instance Tree
                      variable __ev_Functor
                    variable __ev_Applicative_1
                  variable __f
                variable __v0
          apply
            apply
              apply
                apply
                  evidence_method Traversable.traverse evidence= nullary=0
                    instance Tree
                  variable __ev_Functor
                variable __ev_Applicative_1
              variable __f
            variable __v1
  function __ev_Traversable_Tree_sequenceA :: __Dict_Functor -> __Dict_Applicative -> Tree t2047 t2046 -> t2047 Tree t2046
    pat_var __ev_Functor
    pat_var __ev_Applicative_1
    pat_var t
    apply
      apply
        apply
          apply
            evidence_method Traversable.traverse evidence= nullary=0
              instance Tree
            variable __ev_Functor
          variable __ev_Applicative_1
        lambda
          pat_var x
          variable x
      variable t
  function __ev_Traversable_Tree_mapM :: __Dict_Functor -> __Dict_Applicative -> __Dict_Monad -> t2059 -> t2061 t2060 -> Tree t2059 -> t2061 Tree t2060
    pat_var __ev_Functor
    pat_var __ev_Applicative_1
    pat_var __ev_Monad_2
    pat_var f
    pat_var t
    apply
      apply
        apply
          apply
            evidence_method Traversable.traverse evidence= nullary=0
              instance Tree
            variable __ev_Functor
          variable __ev_Applicative_1
        variable f
      variable t
  function __ev_Traversable_Tree_sequence :: __Dict_Functor -> __Dict_Applicative -> __Dict_Monad -> Tree t2074 t2073 -> t2074 Tree t2073
    pat_var __ev_Functor
    pat_var __ev_Applicative_1
    pat_var __ev_Monad_2
    pat_var t
    apply
      apply
        apply
          evidence_method Traversable.sequenceA evidence= nullary=0
            instance Tree
          variable __ev_Functor
        variable __ev_Applicative_1
      variable t
  data Phantom a b
    constructor Phantom
      field  :: a
    deriving (Functor, Foldable, Traversable)
  function __ev_Functor_Phantom_map :: t2409 -> t2410 -> Phantom t2405 t2409 -> Phantom t2405 t2410
    pat_var __f
    pat_var __x
    case
      variable __x
      alt
        pat_con Phantom
          pat_var __v0
        apply
          constructor_ref Phantom
          variable __v0
  function __ev_Foldable_Phantom_foldr :: t2450 -> t2451 -> t2451 -> t2451 -> Phantom t2418 t2450 -> t2451
    pat_var __f
    pat_var __z
    pat_var __x
    case
      variable __x
      alt
        pat_con Phantom
          pat_var __v0
        variable __z
  function __ev_Foldable_Phantom_fold :: __Dict_Semigroup -> __Dict_Monoid -> Phantom t2418 t2455 -> t2455
    pat_var __ev_Semigroup
    pat_var __ev_Monoid_1
    pat_var t
    apply
      apply
        apply
          apply
            evidence_method Foldable.foldMap evidence= nullary=0
              instance Phantom a
            variable __ev_Semigroup
          variable __ev_Monoid_1
        lambda
          pat_var x
          variable x
      variable t
  function __ev_Foldable_Phantom_foldMap :: __Dict_Semigroup -> __Dict_Monoid -> t2476 -> t2481 -> Phantom t2418 t2476 -> t2481
    pat_var __ev_Semigroup
    pat_var __ev_Monoid_1
    pat_var f
    pat_var t
    apply
      apply
        apply
          evidence_method Foldable.foldr evidence= nullary=0
            instance Phantom a
          lambda
            pat_var x
            pat_var acc
            apply
              apply
                evidence_method Semigroup.<> evidence=__ev_Semigroup nullary=0
                apply
                  variable f
                  variable x
              variable acc
        evidence_method Monoid.mempty evidence=__ev_Monoid_1 nullary=1
      variable t
  function __ev_Foldable_Phantom_foldl :: t2497 -> t2494 -> t2497 -> t2497 -> Phantom t2418 t2494 -> t2497
    pat_var f
    pat_var z
    pat_var t
    apply
      apply
        variable appEndo
        apply
          variable getDual
          apply
            apply
              apply
                apply
                  evidence_method Foldable.foldMap evidence= nullary=0
                    instance Phantom a
                  evidence_ref Semigroup Dual a
                evidence_ref Monoid Dual a
              lambda
                pat_var x
                apply
                  constructor_ref Dual
                  apply
                    constructor_ref Endo
                    lambda
                      pat_var acc
                      apply
                        apply
                          variable f
                          variable acc
                        variable x
            variable t
      variable z
  function __ev_Foldable_Phantom_toList :: Phantom t2418 t2525 -> [t2525]
    pat_var t
    apply
      apply
        apply
          evidence_method Foldable.foldr evidence= nullary=0
            instance Phantom a
          lambda
            pat_var x
            pat_var xs
            infix :
              variable x
              variable xs
        list
      variable t
  function __ev_Foldable_Phantom_null :: Phantom t2418 t2539 -> Bool
    pat_var t
    apply
      apply
        apply
          evidence_method Foldable.foldr evidence= nullary=0
            instance Phantom a
          lambda
            pat_var ignoredX
            pat_var ignoredAcc
            constructor_ref False
        constructor_ref True
      variable t
  function __ev_Foldable_Phantom_length :: Phantom t2418 t2550 -> Int
    pat_var t
    apply
      apply
        apply
          evidence_method Foldable.foldl evidence= nullary=0
            instance Phantom a
          lambda
            pat_var n
            pat_var ignored
            infix +
              variable n
              integer 1
        integer 0
      variable t
  function __ev_Foldable_Phantom_elem :: __Dict_Eq -> t2571 -> Phantom t2418 t2571 -> Bool
    pat_var __ev_Eq
    pat_var x
    pat_var t
    apply
      apply
        apply
          variable any
          evidence_ref Foldable Phantom a
        lambda
          pat_var y
          apply
            apply
              evidence_method Eq.== evidence=__ev_Eq nullary=0
              variable x
            variable y
      variable t
  function __ev_Foldable_Phantom_maximum :: __Dict_Eq -> __Dict_Ord -> Phantom t2418 t2599 -> t2599
    pat_var __ev_Eq
    pat_var __ev_Ord_1
    pat_var t
    case
      apply
        evidence_method Foldable.toList evidence= nullary=0
          instance Phantom a
        variable t
      alt
        pat_nil
        apply
          variable error
          string "Foldable.maximum: empty structure"
      alt
        pat_cons
          pat_var x
          pat_var xs
        let
          binding
            pat_var go
            lambda
              pat_var __ev_dict12
              pat_var __ev_dict13
              lambda
                pat_var acc
                pat_var ys
                case
                  variable ys
                  alt
                    pat_nil
                    variable acc
                  alt
                    pat_cons
                      pat_var y
                      pat_var rest
                    apply
                      apply
                        apply
                          apply
                            variable go
                            variable __ev_dict12
                          variable __ev_dict13
                        apply
                          apply
                            evidence_method Ord.max evidence=__ev_dict13 nullary=0
                            variable acc
                          variable y
                      variable rest
          apply
            apply
              apply
                apply
                  variable go
                  variable __ev_Eq
                variable __ev_Ord_1
              variable x
            variable xs
  function __ev_Foldable_Phantom_minimum :: __Dict_Eq -> __Dict_Ord -> Phantom t2418 t2632 -> t2632
    pat_var __ev_Eq
    pat_var __ev_Ord_1
    pat_var t
    case
      apply
        evidence_method Foldable.toList evidence= nullary=0
          instance Phantom a
        variable t
      alt
        pat_nil
        apply
          variable error
          string "Foldable.minimum: empty structure"
      alt
        pat_cons
          pat_var x
          pat_var xs
        let
          binding
            pat_var go
            lambda
              pat_var __ev_dict14
              pat_var __ev_dict15
              lambda
                pat_var acc
                pat_var ys
                case
                  variable ys
                  alt
                    pat_nil
                    variable acc
                  alt
                    pat_cons
                      pat_var y
                      pat_var rest
                    apply
                      apply
                        apply
                          apply
                            variable go
                            variable __ev_dict14
                          variable __ev_dict15
                        apply
                          apply
                            evidence_method Ord.min evidence=__ev_dict15 nullary=0
                            variable acc
                          variable y
                      variable rest
          apply
            apply
              apply
                apply
                  variable go
                  variable __ev_Eq
                variable __ev_Ord_1
              variable x
            variable xs
  function __ev_Foldable_Phantom_sum :: __Dict_Num -> Phantom t2418 t2645 -> t2645
    pat_var __ev_Num
    pat_var t
    apply
      apply
        apply
          evidence_method Foldable.foldl evidence= nullary=0
            instance Phantom a
          lambda
            pat_var a
            pat_var b
            apply
              apply
                evidence_method Num.+ evidence=__ev_Num nullary=0
                variable a
              variable b
        apply
          evidence_method Num.fromInteger evidence=__ev_Num nullary=0
          intrinsic intToInteger#
            integer 0
      variable t
  function __ev_Foldable_Phantom_product :: __Dict_Num -> Phantom t2418 t2666 -> t2666
    pat_var __ev_Num
    pat_var t
    apply
      apply
        apply
          evidence_method Foldable.foldl evidence= nullary=0
            instance Phantom a
          lambda
            pat_var a
            pat_var b
            apply
              apply
                evidence_method Num.* evidence=__ev_Num nullary=0
                variable a
              variable b
        apply
          evidence_method Num.fromInteger evidence=__ev_Num nullary=0
          intrinsic intToInteger#
            integer 1
      variable t
  function __ev_Foldable_Phantom_foldr1 :: t2689 -> t2689 -> t2689 -> Phantom t2418 t2689 -> t2689
    pat_var f
    pat_var t
    let
      binding
        pat_var go
        lambda
          pat_var ys
          case
            variable ys
            alt
              pat_nil
              apply
                variable error
                string "Foldable.foldr1: empty structure"
            alt
              pat_cons
                pat_var x
                pat_nil
              variable x
            alt
              pat_cons
                pat_var x
                pat_var zs
              apply
                apply
                  variable f
                  variable x
                apply
                  variable go
                  variable zs
      apply
        variable go
        apply
          evidence_method Foldable.toList evidence= nullary=0
            instance Phantom a
          variable t
  function __ev_Foldable_Phantom_foldl1 :: t2718 -> t2718 -> t2718 -> Phantom t2418 t2718 -> t2718
    pat_var f
    pat_var t
    case
      apply
        evidence_method Foldable.toList evidence= nullary=0
          instance Phantom a
        variable t
      alt
        pat_nil
        apply
          variable error
          string "Foldable.foldl1: empty structure"
      alt
        pat_cons
          pat_var x
          pat_var xs
        let
          binding
            pat_var go
            lambda
              pat_var acc
              pat_var ys
              case
                variable ys
                alt
                  pat_nil
                  variable acc
                alt
                  pat_cons
                    pat_var y
                    pat_var rest
                  apply
                    apply
                      variable go
                      apply
                        apply
                          variable f
                          variable acc
                        variable y
                    variable rest
          apply
            apply
              variable go
              variable x
            variable xs
  function __ev_Traversable_Phantom_traverse :: __Dict_Functor -> __Dict_Applicative -> t2745 -> t2747 t2746 -> Phantom t2732 t2745 -> t2747 Phantom t2732 t2746
    pat_var __ev_Functor
    pat_var __ev_Applicative_1
    pat_var __f
    pat_var __x
    case
      variable __x
      alt
        pat_con Phantom
          pat_var __v0
        apply
          apply
            evidence_method Applicative.<*> evidence=__ev_Applicative_1 nullary=0
            apply
              evidence_method Applicative.pure evidence=__ev_Applicative_1 nullary=0
              constructor_ref Phantom
          apply
            evidence_method Applicative.pure evidence=__ev_Applicative_1 nullary=0
            variable __v0
  function __ev_Traversable_Phantom_sequenceA :: __Dict_Functor -> __Dict_Applicative -> Phantom t2732 t2766 t2765 -> t2766 Phantom t2732 t2765
    pat_var __ev_Functor
    pat_var __ev_Applicative_1
    pat_var t
    apply
      apply
        apply
          apply
            evidence_method Traversable.traverse evidence= nullary=0
              instance Phantom a
            variable __ev_Functor
          variable __ev_Applicative_1
        lambda
          pat_var x
          variable x
      variable t
  function __ev_Traversable_Phantom_mapM :: __Dict_Functor -> __Dict_Applicative -> __Dict_Monad -> t2791 -> t2793 t2792 -> Phantom t2732 t2791 -> t2793 Phantom t2732 t2792
    pat_var __ev_Functor
    pat_var __ev_Applicative_1
    pat_var __ev_Monad_2
    pat_var f
    pat_var t
    apply
      apply
        apply
          apply
            evidence_method Traversable.traverse evidence= nullary=0
              instance Phantom a
            variable __ev_Functor
          variable __ev_Applicative_1
        variable f
      variable t
  function __ev_Traversable_Phantom_sequence :: __Dict_Functor -> __Dict_Applicative -> __Dict_Monad -> Phantom t2732 t2818 t2817 -> t2818 Phantom t2732 t2817
    pat_var __ev_Functor
    pat_var __ev_Applicative_1
    pat_var __ev_Monad_2
    pat_var t
    apply
      apply
        apply
          evidence_method Traversable.sequenceA evidence= nullary=0
            instance Phantom a
          variable __ev_Functor
        variable __ev_Applicative_1
      variable t
  data Multi a
    constructor Multi
      field  :: a
      field  :: a
      field  :: Int
    deriving (Functor, Foldable, Traversable)
  function __ev_Functor_Multi_map :: t3163 -> t3164 -> Multi t3163 -> Multi t3164
    pat_var __f
    pat_var __x
    case
      variable __x
      alt
        pat_con Multi
          pat_var __v0
          pat_var __v1
          pat_var __v2
        apply
          apply
            apply
              constructor_ref Multi
              apply
                variable __f
                variable __v0
            apply
              variable __f
              variable __v1
          variable __v2
  function __ev_Foldable_Multi_foldr :: t3187 -> t3188 -> t3188 -> t3188 -> Multi t3187 -> t3188
    pat_var __f
    pat_var __z
    pat_var __x
    case
      variable __x
      alt
        pat_con Multi
          pat_var __v0
          pat_var __v1
          pat_var __v2
        apply
          apply
            variable __f
            variable __v0
          apply
            apply
              variable __f
              variable __v1
            variable __z
  function __ev_Foldable_Multi_fold :: __Dict_Semigroup -> __Dict_Monoid -> Multi t3191 -> t3191
    pat_var __ev_Semigroup
    pat_var __ev_Monoid_1
    pat_var t
    apply
      apply
        apply
          apply
            evidence_method Foldable.foldMap evidence= nullary=0
              instance Multi
            variable __ev_Semigroup
          variable __ev_Monoid_1
        lambda
          pat_var x
          variable x
      variable t
  function __ev_Foldable_Multi_foldMap :: __Dict_Semigroup -> __Dict_Monoid -> t3207 -> t3212 -> Multi t3207 -> t3212
    pat_var __ev_Semigroup
    pat_var __ev_Monoid_1
    pat_var f
    pat_var t
    apply
      apply
        apply
          evidence_method Foldable.foldr evidence= nullary=0
            instance Multi
          lambda
            pat_var x
            pat_var acc
            apply
              apply
                evidence_method Semigroup.<> evidence=__ev_Semigroup nullary=0
                apply
                  variable f
                  variable x
              variable acc
        evidence_method Monoid.mempty evidence=__ev_Monoid_1 nullary=1
      variable t
  function __ev_Foldable_Multi_foldl :: t3224 -> t3221 -> t3224 -> t3224 -> Multi t3221 -> t3224
    pat_var f
    pat_var z
    pat_var t
    apply
      apply
        variable appEndo
        apply
          variable getDual
          apply
            apply
              apply
                apply
                  evidence_method Foldable.foldMap evidence= nullary=0
                    instance Multi
                  evidence_ref Semigroup Dual a
                evidence_ref Monoid Dual a
              lambda
                pat_var x
                apply
                  constructor_ref Dual
                  apply
                    constructor_ref Endo
                    lambda
                      pat_var acc
                      apply
                        apply
                          variable f
                          variable acc
                        variable x
            variable t
      variable z
  function __ev_Foldable_Multi_toList :: Multi t3248 -> [t3248]
    pat_var t
    apply
      apply
        apply
          evidence_method Foldable.foldr evidence= nullary=0
            instance Multi
          lambda
            pat_var x
            pat_var xs
            infix :
              variable x
              variable xs
        list
      variable t
  function __ev_Foldable_Multi_null :: Multi t3258 -> Bool
    pat_var t
    apply
      apply
        apply
          evidence_method Foldable.foldr evidence= nullary=0
            instance Multi
          lambda
            pat_var ignoredX
            pat_var ignoredAcc
            constructor_ref False
        constructor_ref True
      variable t
  function __ev_Foldable_Multi_length :: Multi t3265 -> Int
    pat_var t
    apply
      apply
        apply
          evidence_method Foldable.foldl evidence= nullary=0
            instance Multi
          lambda
            pat_var n
            pat_var ignored
            infix +
              variable n
              integer 1
        integer 0
      variable t
  function __ev_Foldable_Multi_elem :: __Dict_Eq -> t3282 -> Multi t3282 -> Bool
    pat_var __ev_Eq
    pat_var x
    pat_var t
    apply
      apply
        apply
          variable any
          evidence_ref Foldable Multi
        lambda
          pat_var y
          apply
            apply
              evidence_method Eq.== evidence=__ev_Eq nullary=0
              variable x
            variable y
      variable t
  function __ev_Foldable_Multi_maximum :: __Dict_Eq -> __Dict_Ord -> Multi t3302 -> t3302
    pat_var __ev_Eq
    pat_var __ev_Ord_1
    pat_var t
    case
      apply
        evidence_method Foldable.toList evidence= nullary=0
          instance Multi
        variable t
      alt
        pat_nil
        apply
          variable error
          string "Foldable.maximum: empty structure"
      alt
        pat_cons
          pat_var x
          pat_var xs
        let
          binding
            pat_var go
            lambda
              pat_var __ev_dict16
              pat_var __ev_dict17
              lambda
                pat_var acc
                pat_var ys
                case
                  variable ys
                  alt
                    pat_nil
                    variable acc
                  alt
                    pat_cons
                      pat_var y
                      pat_var rest
                    apply
                      apply
                        apply
                          apply
                            variable go
                            variable __ev_dict16
                          variable __ev_dict17
                        apply
                          apply
                            evidence_method Ord.max evidence=__ev_dict17 nullary=0
                            variable acc
                          variable y
                      variable rest
          apply
            apply
              apply
                apply
                  variable go
                  variable __ev_Eq
                variable __ev_Ord_1
              variable x
            variable xs
  function __ev_Foldable_Multi_minimum :: __Dict_Eq -> __Dict_Ord -> Multi t3331 -> t3331
    pat_var __ev_Eq
    pat_var __ev_Ord_1
    pat_var t
    case
      apply
        evidence_method Foldable.toList evidence= nullary=0
          instance Multi
        variable t
      alt
        pat_nil
        apply
          variable error
          string "Foldable.minimum: empty structure"
      alt
        pat_cons
          pat_var x
          pat_var xs
        let
          binding
            pat_var go
            lambda
              pat_var __ev_dict18
              pat_var __ev_dict19
              lambda
                pat_var acc
                pat_var ys
                case
                  variable ys
                  alt
                    pat_nil
                    variable acc
                  alt
                    pat_cons
                      pat_var y
                      pat_var rest
                    apply
                      apply
                        apply
                          apply
                            variable go
                            variable __ev_dict18
                          variable __ev_dict19
                        apply
                          apply
                            evidence_method Ord.min evidence=__ev_dict19 nullary=0
                            variable acc
                          variable y
                      variable rest
          apply
            apply
              apply
                apply
                  variable go
                  variable __ev_Eq
                variable __ev_Ord_1
              variable x
            variable xs
  function __ev_Foldable_Multi_sum :: __Dict_Num -> Multi t3344 -> t3344
    pat_var __ev_Num
    pat_var t
    apply
      apply
        apply
          evidence_method Foldable.foldl evidence= nullary=0
            instance Multi
          lambda
            pat_var a
            pat_var b
            apply
              apply
                evidence_method Num.+ evidence=__ev_Num nullary=0
                variable a
              variable b
        apply
          evidence_method Num.fromInteger evidence=__ev_Num nullary=0
          intrinsic intToInteger#
            integer 0
      variable t
  function __ev_Foldable_Multi_product :: __Dict_Num -> Multi t3361 -> t3361
    pat_var __ev_Num
    pat_var t
    apply
      apply
        apply
          evidence_method Foldable.foldl evidence= nullary=0
            instance Multi
          lambda
            pat_var a
            pat_var b
            apply
              apply
                evidence_method Num.* evidence=__ev_Num nullary=0
                variable a
              variable b
        apply
          evidence_method Num.fromInteger evidence=__ev_Num nullary=0
          intrinsic intToInteger#
            integer 1
      variable t
  function __ev_Foldable_Multi_foldr1 :: t3380 -> t3380 -> t3380 -> Multi t3380 -> t3380
    pat_var f
    pat_var t
    let
      binding
        pat_var go
        lambda
          pat_var ys
          case
            variable ys
            alt
              pat_nil
              apply
                variable error
                string "Foldable.foldr1: empty structure"
            alt
              pat_cons
                pat_var x
                pat_nil
              variable x
            alt
              pat_cons
                pat_var x
                pat_var zs
              apply
                apply
                  variable f
                  variable x
                apply
                  variable go
                  variable zs
      apply
        variable go
        apply
          evidence_method Foldable.toList evidence= nullary=0
            instance Multi
          variable t
  function __ev_Foldable_Multi_foldl1 :: t3401 -> t3401 -> t3401 -> Multi t3401 -> t3401
    pat_var f
    pat_var t
    case
      apply
        evidence_method Foldable.toList evidence= nullary=0
          instance Multi
        variable t
      alt
        pat_nil
        apply
          variable error
          string "Foldable.foldl1: empty structure"
      alt
        pat_cons
          pat_var x
          pat_var xs
        let
          binding
            pat_var go
            lambda
              pat_var acc
              pat_var ys
              case
                variable ys
                alt
                  pat_nil
                  variable acc
                alt
                  pat_cons
                    pat_var y
                    pat_var rest
                  apply
                    apply
                      variable go
                      apply
                        apply
                          variable f
                          variable acc
                        variable y
                    variable rest
          apply
            apply
              variable go
              variable x
            variable xs
  function __ev_Traversable_Multi_traverse :: __Dict_Functor -> __Dict_Applicative -> t3422 -> t3445 t3423 -> Multi t3422 -> t3445 Multi t3423
    pat_var __ev_Functor
    pat_var __ev_Applicative_1
    pat_var __f
    pat_var __x
    case
      variable __x
      alt
        pat_con Multi
          pat_var __v0
          pat_var __v1
          pat_var __v2
        apply
          apply
            evidence_method Applicative.<*> evidence=__ev_Applicative_1 nullary=0
            apply
              apply
                evidence_method Applicative.<*> evidence=__ev_Applicative_1 nullary=0
                apply
                  apply
                    evidence_method Applicative.<*> evidence=__ev_Applicative_1 nullary=0
                    apply
                      evidence_method Applicative.pure evidence=__ev_Applicative_1 nullary=0
                      constructor_ref Multi
                  apply
                    variable __f
                    variable __v0
              apply
                variable __f
                variable __v1
          apply
            evidence_method Applicative.pure evidence=__ev_Applicative_1 nullary=0
            variable __v2
  function __ev_Traversable_Multi_sequenceA :: __Dict_Functor -> __Dict_Applicative -> Multi t3447 t3446 -> t3447 Multi t3446
    pat_var __ev_Functor
    pat_var __ev_Applicative_1
    pat_var t
    apply
      apply
        apply
          apply
            evidence_method Traversable.traverse evidence= nullary=0
              instance Multi
            variable __ev_Functor
          variable __ev_Applicative_1
        lambda
          pat_var x
          variable x
      variable t
  function __ev_Traversable_Multi_mapM :: __Dict_Functor -> __Dict_Applicative -> __Dict_Monad -> t3459 -> t3461 t3460 -> Multi t3459 -> t3461 Multi t3460
    pat_var __ev_Functor
    pat_var __ev_Applicative_1
    pat_var __ev_Monad_2
    pat_var f
    pat_var t
    apply
      apply
        apply
          apply
            evidence_method Traversable.traverse evidence= nullary=0
              instance Multi
            variable __ev_Functor
          variable __ev_Applicative_1
        variable f
      variable t
  function __ev_Traversable_Multi_sequence :: __Dict_Functor -> __Dict_Applicative -> __Dict_Monad -> Multi t3474 t3473 -> t3474 Multi t3473
    pat_var __ev_Functor
    pat_var __ev_Applicative_1
    pat_var __ev_Monad_2
    pat_var t
    apply
      apply
        apply
          evidence_method Traversable.sequenceA evidence= nullary=0
            instance Multi
          variable __ev_Functor
        variable __ev_Applicative_1
      variable t
  data Compose f a
    constructor Compose
      field  :: f a
    deriving (Functor)
  function __ev_Functor_Compose_map :: __Dict_Functor -> t3598 -> t3599 -> Compose t3594 t3598 -> Compose t3594 t3599
    pat_var __ev_Functor
    pat_var __f
    pat_var __x
    case
      variable __x
      alt
        pat_con Compose
          pat_var __v0
        apply
          constructor_ref Compose
          apply
            apply
              evidence_method Functor.map evidence=__ev_Functor nullary=0
              variable __f
            variable __v0
  data Nest a
    constructor Nest
      field  :: Maybe Maybe a
    deriving (Eq, Show, Functor, Foldable)
  function __ev_Eq_Nest_eq :: __Dict_Eq -> Nest t3952 -> Nest t3952 -> Bool
    pat_var __ev_Eq
    pat_var __l
    pat_var __r
    case
      variable __l
      alt
        pat_con Nest
          pat_var __a0
        case
          variable __r
          alt
            pat_con Nest
              pat_var __b0
            apply
              apply
                evidence_method Eq.== evidence= nullary=0
                  instance Maybe a
                variable __a0
              variable __b0
          alt
            pat_wild _
            constructor_ref False
  function __ev_Eq_Nest_ne :: __Dict_Eq -> Nest t3952 -> Nest t3952 -> Bool
    pat_var __ev_Eq
    pat_var __l
    pat_var __r
    case
      case
        variable __l
        alt
          pat_con Nest
            pat_var __a0
          case
            variable __r
            alt
              pat_con Nest
                pat_var __b0
              apply
                apply
                  evidence_method Eq.== evidence= nullary=0
                    instance Maybe a
                  variable __a0
                variable __b0
            alt
              pat_wild _
              constructor_ref False
      alt
        pat_con True
        constructor_ref False
      alt
        pat_con False
        constructor_ref True
  function showsPrec :: __Dict_Show -> Int -> Nest t3983 -> String -> String
    pat_var __ev_Show
    pat_var __d
    pat_var __x
    pat_var __s
    case
      variable __x
      alt
        pat_con Nest
          pat_var __f0
        apply
          apply
            apply
              variable showParen
              apply
                apply
                  evidence_method Ord.> evidence= nullary=0
                    instance Int
                  variable __d
                integer 10
            lambda
              pat_var __r
              intrinsic stringAppend#
                string "Nest "
                apply
                  apply
                    apply
                      evidence_method Show.showsPrec evidence= nullary=0
                        instance Maybe a
                      integer 11
                    variable __f0
                  variable __r
          variable __s
  function show :: __Dict_Show -> Nest t3983 -> String
    pat_var __ev_Show
    pat_var x
    apply
      apply
        apply
          variable shows
          evidence_ref Show Nest a
        variable x
      string ""
  function showList :: __Dict_Show -> [Nest t3983] -> String -> String
    pat_var __ev_Show
    pat_var ls
    pat_var s
    apply
      apply
        apply
          variable showListWith
          apply
            variable shows
            evidence_ref Show Nest a
        variable ls
      variable s
  function __ev_Functor_Nest_map :: t4028 -> t4029 -> Nest t4028 -> Nest t4029
    pat_var __f
    pat_var __x
    case
      variable __x
      alt
        pat_con Nest
          pat_var __v0
        apply
          constructor_ref Nest
          apply
            apply
              evidence_method Functor.map evidence= nullary=0
                instance Maybe
              apply
                evidence_method Functor.map evidence= nullary=0
                  instance Maybe
                variable __f
            variable __v0
  function __ev_Foldable_Nest_foldr :: t4058 -> t4065 -> t4065 -> t4065 -> Nest t4058 -> t4065
    pat_var __f
    pat_var __z
    pat_var __x
    case
      variable __x
      alt
        pat_con Nest
          pat_var __v0
        apply
          apply
            apply
              evidence_method Foldable.foldr evidence= nullary=0
                instance Maybe
              lambda
                pat_var __x
                pat_var __acc
                apply
                  apply
                    apply
                      evidence_method Foldable.foldr evidence= nullary=0
                        instance Maybe
                      variable __f
                    variable __acc
                  variable __x
            variable __z
          variable __v0
  function __ev_Foldable_Nest_fold :: __Dict_Semigroup -> __Dict_Monoid -> Nest t4071 -> t4071
    pat_var __ev_Semigroup
    pat_var __ev_Monoid_1
    pat_var t
    apply
      apply
        apply
          apply
            evidence_method Foldable.foldMap evidence= nullary=0
              instance Nest
            variable __ev_Semigroup
          variable __ev_Monoid_1
        lambda
          pat_var x
          variable x
      variable t
  function __ev_Foldable_Nest_foldMap :: __Dict_Semigroup -> __Dict_Monoid -> t4087 -> t4092 -> Nest t4087 -> t4092
    pat_var __ev_Semigroup
    pat_var __ev_Monoid_1
    pat_var f
    pat_var t
    apply
      apply
        apply
          evidence_method Foldable.foldr evidence= nullary=0
            instance Nest
          lambda
            pat_var x
            pat_var acc
            apply
              apply
                evidence_method Semigroup.<> evidence=__ev_Semigroup nullary=0
                apply
                  variable f
                  variable x
              variable acc
        evidence_method Monoid.mempty evidence=__ev_Monoid_1 nullary=1
      variable t
  function __ev_Foldable_Nest_foldl :: t4104 -> t4101 -> t4104 -> t4104 -> Nest t4101 -> t4104
    pat_var f
    pat_var z
    pat_var t
    apply
      apply
        variable appEndo
        apply
          variable getDual
          apply
            apply
              apply
                apply
                  evidence_method Foldable.foldMap evidence= nullary=0
                    instance Nest
                  evidence_ref Semigroup Dual a
                evidence_ref Monoid Dual a
              lambda
                pat_var x
                apply
                  constructor_ref Dual
                  apply
                    constructor_ref Endo
                    lambda
                      pat_var acc
                      apply
                        apply
                          variable f
                          variable acc
                        variable x
            variable t
      variable z
  function __ev_Foldable_Nest_toList :: Nest t4128 -> [t4128]
    pat_var t
    apply
      apply
        apply
          evidence_method Foldable.foldr evidence= nullary=0
            instance Nest
          lambda
            pat_var x
            pat_var xs
            infix :
              variable x
              variable xs
        list
      variable t
  function __ev_Foldable_Nest_null :: Nest t4138 -> Bool
    pat_var t
    apply
      apply
        apply
          evidence_method Foldable.foldr evidence= nullary=0
            instance Nest
          lambda
            pat_var ignoredX
            pat_var ignoredAcc
            constructor_ref False
        constructor_ref True
      variable t
  function __ev_Foldable_Nest_length :: Nest t4145 -> Int
    pat_var t
    apply
      apply
        apply
          evidence_method Foldable.foldl evidence= nullary=0
            instance Nest
          lambda
            pat_var n
            pat_var ignored
            infix +
              variable n
              integer 1
        integer 0
      variable t
  function __ev_Foldable_Nest_elem :: __Dict_Eq -> t4162 -> Nest t4162 -> Bool
    pat_var __ev_Eq
    pat_var x
    pat_var t
    apply
      apply
        apply
          variable any
          evidence_ref Foldable Nest
        lambda
          pat_var y
          apply
            apply
              evidence_method Eq.== evidence=__ev_Eq nullary=0
              variable x
            variable y
      variable t
  function __ev_Foldable_Nest_maximum :: __Dict_Eq -> __Dict_Ord -> Nest t4182 -> t4182
    pat_var __ev_Eq
    pat_var __ev_Ord_1
    pat_var t
    case
      apply
        evidence_method Foldable.toList evidence= nullary=0
          instance Nest
        variable t
      alt
        pat_nil
        apply
          variable error
          string "Foldable.maximum: empty structure"
      alt
        pat_cons
          pat_var x
          pat_var xs
        let
          binding
            pat_var go
            lambda
              pat_var __ev_dict20
              pat_var __ev_dict21
              lambda
                pat_var acc
                pat_var ys
                case
                  variable ys
                  alt
                    pat_nil
                    variable acc
                  alt
                    pat_cons
                      pat_var y
                      pat_var rest
                    apply
                      apply
                        apply
                          apply
                            variable go
                            variable __ev_dict20
                          variable __ev_dict21
                        apply
                          apply
                            evidence_method Ord.max evidence=__ev_dict21 nullary=0
                            variable acc
                          variable y
                      variable rest
          apply
            apply
              apply
                apply
                  variable go
                  variable __ev_Eq
                variable __ev_Ord_1
              variable x
            variable xs
  function __ev_Foldable_Nest_minimum :: __Dict_Eq -> __Dict_Ord -> Nest t4211 -> t4211
    pat_var __ev_Eq
    pat_var __ev_Ord_1
    pat_var t
    case
      apply
        evidence_method Foldable.toList evidence= nullary=0
          instance Nest
        variable t
      alt
        pat_nil
        apply
          variable error
          string "Foldable.minimum: empty structure"
      alt
        pat_cons
          pat_var x
          pat_var xs
        let
          binding
            pat_var go
            lambda
              pat_var __ev_dict22
              pat_var __ev_dict23
              lambda
                pat_var acc
                pat_var ys
                case
                  variable ys
                  alt
                    pat_nil
                    variable acc
                  alt
                    pat_cons
                      pat_var y
                      pat_var rest
                    apply
                      apply
                        apply
                          apply
                            variable go
                            variable __ev_dict22
                          variable __ev_dict23
                        apply
                          apply
                            evidence_method Ord.min evidence=__ev_dict23 nullary=0
                            variable acc
                          variable y
                      variable rest
          apply
            apply
              apply
                apply
                  variable go
                  variable __ev_Eq
                variable __ev_Ord_1
              variable x
            variable xs
  function __ev_Foldable_Nest_sum :: __Dict_Num -> Nest t4224 -> t4224
    pat_var __ev_Num
    pat_var t
    apply
      apply
        apply
          evidence_method Foldable.foldl evidence= nullary=0
            instance Nest
          lambda
            pat_var a
            pat_var b
            apply
              apply
                evidence_method Num.+ evidence=__ev_Num nullary=0
                variable a
              variable b
        apply
          evidence_method Num.fromInteger evidence=__ev_Num nullary=0
          intrinsic intToInteger#
            integer 0
      variable t
  function __ev_Foldable_Nest_product :: __Dict_Num -> Nest t4241 -> t4241
    pat_var __ev_Num
    pat_var t
    apply
      apply
        apply
          evidence_method Foldable.foldl evidence= nullary=0
            instance Nest
          lambda
            pat_var a
            pat_var b
            apply
              apply
                evidence_method Num.* evidence=__ev_Num nullary=0
                variable a
              variable b
        apply
          evidence_method Num.fromInteger evidence=__ev_Num nullary=0
          intrinsic intToInteger#
            integer 1
      variable t
  function __ev_Foldable_Nest_foldr1 :: t4260 -> t4260 -> t4260 -> Nest t4260 -> t4260
    pat_var f
    pat_var t
    let
      binding
        pat_var go
        lambda
          pat_var ys
          case
            variable ys
            alt
              pat_nil
              apply
                variable error
                string "Foldable.foldr1: empty structure"
            alt
              pat_cons
                pat_var x
                pat_nil
              variable x
            alt
              pat_cons
                pat_var x
                pat_var zs
              apply
                apply
                  variable f
                  variable x
                apply
                  variable go
                  variable zs
      apply
        variable go
        apply
          evidence_method Foldable.toList evidence= nullary=0
            instance Nest
          variable t
  function __ev_Foldable_Nest_foldl1 :: t4281 -> t4281 -> t4281 -> Nest t4281 -> t4281
    pat_var f
    pat_var t
    case
      apply
        evidence_method Foldable.toList evidence= nullary=0
          instance Nest
        variable t
      alt
        pat_nil
        apply
          variable error
          string "Foldable.foldl1: empty structure"
      alt
        pat_cons
          pat_var x
          pat_var xs
        let
          binding
            pat_var go
            lambda
              pat_var acc
              pat_var ys
              case
                variable ys
                alt
                  pat_nil
                  variable acc
                alt
                  pat_cons
                    pat_var y
                    pat_var rest
                  apply
                    apply
                      variable go
                      apply
                        apply
                          variable f
                          variable acc
                        variable y
                    variable rest
          apply
            apply
              variable go
              variable x
            variable xs
  data BPair a b
    constructor BPair
      field  :: a
      field  :: b
    deriving (Eq, Ord, Bounded)
  function __ev_Eq_BPair_eq :: __Dict_Eq -> __Dict_Eq -> BPair t4305 t4306 -> BPair t4305 t4306 -> Bool
    pat_var __ev_Eq
    pat_var __ev_Eq_1
    pat_var __l
    pat_var __r
    case
      variable __l
      alt
        pat_con BPair
          pat_var __a0
          pat_var __a1
        case
          variable __r
          alt
            pat_con BPair
              pat_var __b0
              pat_var __b1
            infix &&
              apply
                apply
                  evidence_method Eq.== evidence=__ev_Eq nullary=0
                  variable __a0
                variable __b0
              apply
                apply
                  evidence_method Eq.== evidence=__ev_Eq_1 nullary=0
                  variable __a1
                variable __b1
          alt
            pat_wild _
            constructor_ref False
  function __ev_Eq_BPair_ne :: __Dict_Eq -> __Dict_Eq -> BPair t4305 t4306 -> BPair t4305 t4306 -> Bool
    pat_var __ev_Eq
    pat_var __ev_Eq_1
    pat_var __l
    pat_var __r
    case
      case
        variable __l
        alt
          pat_con BPair
            pat_var __a0
            pat_var __a1
          case
            variable __r
            alt
              pat_con BPair
                pat_var __b0
                pat_var __b1
              infix &&
                apply
                  apply
                    evidence_method Eq.== evidence=__ev_Eq nullary=0
                    variable __a0
                  variable __b0
                apply
                  apply
                    evidence_method Eq.== evidence=__ev_Eq_1 nullary=0
                    variable __a1
                  variable __b1
            alt
              pat_wild _
              constructor_ref False
      alt
        pat_con True
        constructor_ref False
      alt
        pat_con False
        constructor_ref True
  function compare :: __Dict_Eq -> __Dict_Ord -> __Dict_Eq -> __Dict_Ord -> BPair t4339 t4340 -> BPair t4339 t4340 -> Ordering
    pat_var __ev_Eq
    pat_var __ev_Ord_1
    pat_var __ev_Eq_2
    pat_var __ev_Ord_3
    pat_var __l
    pat_var __r
    case
      variable __l
      alt
        pat_con BPair
          pat_var __a0
          pat_var __a1
        case
          variable __r
          alt
            pat_con BPair
              pat_var __b0
              pat_var __b1
            case
              apply
                apply
                  evidence_method Ord.compare evidence=__ev_Ord_1 nullary=0
                  variable __a0
                variable __b0
              alt
                pat_con EQ
                case
                  apply
                    apply
                      evidence_method Ord.compare evidence=__ev_Ord_3 nullary=0
                      variable __a1
                    variable __b1
                  alt
                    pat_con EQ
                    constructor_ref EQ
                  alt
                    pat_con LT
                    constructor_ref LT
                  alt
                    pat_con GT
                    constructor_ref GT
              alt
                pat_con LT
                constructor_ref LT
              alt
                pat_con GT
                constructor_ref GT
  function < :: __Dict_Eq -> __Dict_Ord -> __Dict_Eq -> __Dict_Ord -> BPair t4339 t4340 -> BPair t4339 t4340 -> Bool
    pat_var __ev_Eq
    pat_var __ev_Ord_1
    pat_var __ev_Eq_2
    pat_var __ev_Ord_3
    pat_var x
    pat_var y
    case
      apply
        apply
          evidence_method Ord.compare evidence= nullary=0
            instance BPair a b
          variable x
        variable y
      alt
        pat_con LT
        constructor_ref True
      alt
        pat_wild _
        constructor_ref False
  function <= :: __Dict_Eq -> __Dict_Ord -> __Dict_Eq -> __Dict_Ord -> BPair t4339 t4340 -> BPair t4339 t4340 -> Bool
    pat_var __ev_Eq
    pat_var __ev_Ord_1
    pat_var __ev_Eq_2
    pat_var __ev_Ord_3
    pat_var x
    pat_var y
    case
      apply
        apply
          evidence_method Ord.compare evidence= nullary=0
            instance BPair a b
          variable x
        variable y
      alt
        pat_con GT
        constructor_ref False
      alt
        pat_wild _
        constructor_ref True
  function > :: __Dict_Eq -> __Dict_Ord -> __Dict_Eq -> __Dict_Ord -> BPair t4339 t4340 -> BPair t4339 t4340 -> Bool
    pat_var __ev_Eq
    pat_var __ev_Ord_1
    pat_var __ev_Eq_2
    pat_var __ev_Ord_3
    pat_var x
    pat_var y
    case
      apply
        apply
          evidence_method Ord.compare evidence= nullary=0
            instance BPair a b
          variable x
        variable y
      alt
        pat_con GT
        constructor_ref True
      alt
        pat_wild _
        constructor_ref False
  function >= :: __Dict_Eq -> __Dict_Ord -> __Dict_Eq -> __Dict_Ord -> BPair t4339 t4340 -> BPair t4339 t4340 -> Bool
    pat_var __ev_Eq
    pat_var __ev_Ord_1
    pat_var __ev_Eq_2
    pat_var __ev_Ord_3
    pat_var x
    pat_var y
    case
      apply
        apply
          evidence_method Ord.compare evidence= nullary=0
            instance BPair a b
          variable x
        variable y
      alt
        pat_con LT
        constructor_ref False
      alt
        pat_wild _
        constructor_ref True
  function max :: __Dict_Eq -> __Dict_Ord -> __Dict_Eq -> __Dict_Ord -> BPair t4339 t4340 -> BPair t4339 t4340 -> BPair t4339 t4340
    pat_var __ev_Eq
    pat_var __ev_Ord_1
    pat_var __ev_Eq_2
    pat_var __ev_Ord_3
    pat_var x
    pat_var y
    case
      apply
        apply
          evidence_method Ord.<= evidence= nullary=0
            instance BPair a b
          variable x
        variable y
      alt
        pat_con True
        variable y
      alt
        pat_con False
        variable x
  function min :: __Dict_Eq -> __Dict_Ord -> __Dict_Eq -> __Dict_Ord -> BPair t4339 t4340 -> BPair t4339 t4340 -> BPair t4339 t4340
    pat_var __ev_Eq
    pat_var __ev_Ord_1
    pat_var __ev_Eq_2
    pat_var __ev_Ord_3
    pat_var x
    pat_var y
    case
      apply
        apply
          evidence_method Ord.<= evidence= nullary=0
            instance BPair a b
          variable x
        variable y
      alt
        pat_con True
        variable x
      alt
        pat_con False
        variable y
  function minBound :: __Dict_Bounded -> __Dict_Bounded -> BPair t4558 t4559
    pat_var __ev_Bounded
    pat_var __ev_Bounded_1
    apply
      apply
        constructor_ref BPair
        evidence_method Bounded.minBound evidence=__ev_Bounded nullary=1
      evidence_method Bounded.minBound evidence=__ev_Bounded_1 nullary=1
  function maxBound :: __Dict_Bounded -> __Dict_Bounded -> BPair t4558 t4559
    pat_var __ev_Bounded
    pat_var __ev_Bounded_1
    apply
      apply
        constructor_ref BPair
        evidence_method Bounded.maxBound evidence=__ev_Bounded nullary=1
      evidence_method Bounded.maxBound evidence=__ev_Bounded_1 nullary=1
  function mapped :: Box Int
    apply
      apply
        evidence_method Functor.map evidence= nullary=0
          instance Box
        lambda
          pat_var x
          infix +
            variable x
            integer 1
      apply
        constructor_ref Box
        integer 1
  function folded :: Int
    apply
      apply
        apply
          evidence_method Foldable.foldr evidence= nullary=0
            instance Box
          lambda
            pat_var x
            pat_var y
            infix +
              variable x
              variable y
        integer 0
      apply
        constructor_ref Box
        integer 3
  function trav :: Maybe Box Int
    apply
      apply
        apply
          apply
            evidence_method Traversable.traverse evidence= nullary=0
              instance Box
            evidence_ref Functor Maybe
          evidence_ref Applicative Maybe
        constructor_ref Just
      apply
        constructor_ref Box
        integer 1
  function pairMap :: Pair Bool Int
    apply
      apply
        evidence_method Functor.map evidence= nullary=0
          instance Pair a
        lambda
          pat_var x
          infix +
            variable x
            integer 1
      apply
        apply
          constructor_ref Pair
          constructor_ref True
        integer 2
  function treeMap :: Tree Int
    apply
      apply
        evidence_method Functor.map evidence= nullary=0
          instance Tree
        lambda
          pat_var x
          infix +
            variable x
            integer 1
      apply
        apply
          constructor_ref Node
          apply
            constructor_ref Leaf
            integer 1
        apply
          constructor_ref Leaf
          integer 2
  function phantomMap :: Phantom Int Bool
    apply
      apply
        evidence_method Functor.map evidence= nullary=0
          instance Phantom a
        lambda
          pat_var ignored
          constructor_ref True
      apply
        constructor_ref Phantom
        integer 9
  function multiMap :: Multi Int
    apply
      apply
        evidence_method Functor.map evidence= nullary=0
          instance Multi
        lambda
          pat_var x
          infix +
            variable x
            integer 1
      apply
        apply
          apply
            constructor_ref Multi
            integer 1
          integer 2
        integer 3
  function composeMap :: Compose Maybe Int
    apply
      apply
        evidence_method Functor.map evidence= nullary=0
          instance Compose f
        lambda
          pat_var x
          infix +
            variable x
            integer 1
      apply
        constructor_ref Compose
        apply
          constructor_ref Just
          integer 1
  function nestMap :: Nest Int
    apply
      apply
        evidence_method Functor.map evidence= nullary=0
          instance Nest
        lambda
          pat_var x
          infix +
            variable x
            integer 1
      apply
        constructor_ref Nest
        apply
          constructor_ref Just
          apply
            constructor_ref Just
            integer 1
  function nestFold :: Int
    apply
      apply
        apply
          evidence_method Foldable.foldr evidence= nullary=0
            instance Nest
          lambda
            pat_var x
            pat_var y
            infix +
              variable x
              variable y
        integer 0
      apply
        constructor_ref Nest
        apply
          constructor_ref Just
          apply
            constructor_ref Just
            integer 4
  function lo :: BPair Int Int
    evidence_method Bounded.minBound evidence= nullary=1
      instance BPair a b
  function hi :: BPair Int Int
    evidence_method Bounded.maxBound evidence= nullary=1
      instance BPair a b
