program
  data Nest a
    constructor Nest
      field  :: Maybe Maybe a
    deriving (Eq, Show, Functor, Foldable)
  function == :: __Dict_Eq -> Nest t341 -> Nest t341 -> Bool
    pat_var __ev_Eq
    pat_var __l
    pat_var __r
    case
      variable __l
      alt
        pat_con Nest
          pat_var __a0
        case
          variable __r
          alt
            pat_con Nest
              pat_var __b0
            apply
              apply
                evidence_method Eq.== evidence= nullary=0
                  instance Maybe a
                variable __a0
              variable __b0
          alt
            pat_wild _
            constructor_ref False
  function /= :: __Dict_Eq -> Nest t341 -> Nest t341 -> Bool
    pat_var __ev_Eq
    pat_var __l
    pat_var __r
    case
      case
        variable __l
        alt
          pat_con Nest
            pat_var __a0
          case
            variable __r
            alt
              pat_con Nest
                pat_var __b0
              apply
                apply
                  evidence_method Eq.== evidence= nullary=0
                    instance Maybe a
                  variable __a0
                variable __b0
            alt
              pat_wild _
              constructor_ref False
      alt
        pat_con True
        constructor_ref False
      alt
        pat_con False
        constructor_ref True
  function showsPrec :: __Dict_Show -> Int -> Nest t370 -> String -> String
    pat_var __ev_Show
    pat_var __d
    pat_var __x
    pat_var __s
    case
      variable __x
      alt
        pat_con Nest
          pat_var __f0
        apply
          apply
            apply
              variable showParen
              apply
                apply
                  evidence_method Ord.> evidence= nullary=0
                    instance Int
                  variable __d
                integer 10
            lambda
              pat_var __r
              intrinsic stringAppend#
                string "Nest "
                apply
                  apply
                    apply
                      evidence_method Show.showsPrec evidence= nullary=0
                        instance Maybe a
                      integer 11
                    variable __f0
                  variable __r
          variable __s
  function show :: __Dict_Show -> Nest t370 -> String
    pat_var __ev_Show
    pat_var x
    apply
      apply
        apply
          variable shows
          evidence_ref Show Nest a
        variable x
      string ""
  function showList :: __Dict_Show -> [Nest t370] -> String -> String
    pat_var __ev_Show
    pat_var ls
    pat_var s
    apply
      apply
        apply
          variable showListWith
          apply
            variable shows
            evidence_ref Show Nest a
        variable ls
      variable s
  function map :: t410 -> t411 -> Nest t410 -> Nest t411
    pat_var __f
    pat_var __x
    case
      variable __x
      alt
        pat_con Nest
          pat_var __v0
        apply
          constructor_ref Nest
          apply
            apply
              evidence_method Functor.map evidence= nullary=0
                instance Maybe
              apply
                evidence_method Functor.map evidence= nullary=0
                  instance Maybe
                variable __f
            variable __v0
  function foldr :: t438 -> t445 -> t445 -> t445 -> Nest t438 -> t445
    pat_var __f
    pat_var __z
    pat_var __x
    case
      variable __x
      alt
        pat_con Nest
          pat_var __v0
        apply
          apply
            apply
              evidence_method Foldable.foldr evidence= nullary=0
                instance Maybe
              lambda
                pat_var __x
                pat_var __acc
                apply
                  apply
                    apply
                      evidence_method Foldable.foldr evidence= nullary=0
                        instance Maybe
                      variable __f
                    variable __acc
                  variable __x
            variable __z
          variable __v0
  function fold :: __Dict_Semigroup -> __Dict_Monoid -> Nest t451 -> t451
    pat_var __ev_Semigroup
    pat_var __ev_Monoid_1
    pat_var t
    apply
      apply
        apply
          apply
            evidence_method Foldable.foldMap evidence= nullary=0
              instance Nest
            variable __ev_Semigroup
          variable __ev_Monoid_1
        lambda
          pat_var x
          variable x
      variable t
  function foldMap :: __Dict_Semigroup -> __Dict_Monoid -> t467 -> t472 -> Nest t467 -> t472
    pat_var __ev_Semigroup
    pat_var __ev_Monoid_1
    pat_var f
    pat_var t
    apply
      apply
        apply
          evidence_method Foldable.foldr evidence= nullary=0
            instance Nest
          lambda
            pat_var x
            pat_var acc
            apply
              apply
                evidence_method Semigroup.<> evidence=__ev_Semigroup nullary=0
                apply
                  variable f
                  variable x
              variable acc
        evidence_method Monoid.mempty evidence=__ev_Monoid_1 nullary=1
      variable t
  function foldl :: t484 -> t481 -> t484 -> t484 -> Nest t481 -> t484
    pat_var f
    pat_var z
    pat_var t
    apply
      apply
        variable appEndo
        apply
          variable getDual
          apply
            apply
              apply
                apply
                  evidence_method Foldable.foldMap evidence= nullary=0
                    instance Nest
                  evidence_ref Semigroup Dual a
                evidence_ref Monoid Dual a
              lambda
                pat_var x
                apply
                  constructor_ref Dual
                  apply
                    constructor_ref Endo
                    lambda
                      pat_var acc
                      apply
                        apply
                          variable f
                          variable acc
                        variable x
            variable t
      variable z
  function toList :: Nest t508 -> [t508]
    pat_var t
    apply
      apply
        apply
          evidence_method Foldable.foldr evidence= nullary=0
            instance Nest
          lambda
            pat_var x
            pat_var xs
            infix :
              variable x
              variable xs
        list
      variable t
  function null :: Nest t518 -> Bool
    pat_var t
    apply
      apply
        apply
          evidence_method Foldable.foldr evidence= nullary=0
            instance Nest
          lambda
            pat_var ignoredX
            pat_var ignoredAcc
            constructor_ref False
        constructor_ref True
      variable t
  function length :: Nest t525 -> Int
    pat_var t
    apply
      apply
        apply
          evidence_method Foldable.foldl evidence= nullary=0
            instance Nest
          lambda
            pat_var n
            pat_var ignored
            infix +
              variable n
              integer 1
        integer 0
      variable t
  function elem :: __Dict_Eq -> t542 -> Nest t542 -> Bool
    pat_var __ev_Eq
    pat_var x
    pat_var t
    apply
      apply
        apply
          variable any
          evidence_ref Foldable Nest
        lambda
          pat_var y
          apply
            apply
              evidence_method Eq.== evidence=__ev_Eq nullary=0
              variable x
            variable y
      variable t
  function maximum :: __Dict_Eq -> __Dict_Ord -> Nest t562 -> t562
    pat_var __ev_Eq
    pat_var __ev_Ord_1
    pat_var t
    case
      apply
        evidence_method Foldable.toList evidence= nullary=0
          instance Nest
        variable t
      alt
        pat_nil
        apply
          variable error
          string "Foldable.maximum: empty structure"
      alt
        pat_cons
          pat_var x
          pat_var xs
        let
          binding
            pat_var go
            lambda
              pat_var __ev_dict0
              pat_var __ev_dict1
              lambda
                pat_var acc
                pat_var ys
                case
                  variable ys
                  alt
                    pat_nil
                    variable acc
                  alt
                    pat_cons
                      pat_var y
                      pat_var rest
                    apply
                      apply
                        apply
                          apply
                            variable go
                            variable __ev_dict0
                          variable __ev_dict1
                        apply
                          apply
                            evidence_method Ord.max evidence=__ev_dict1 nullary=0
                            variable acc
                          variable y
                      variable rest
          apply
            apply
              apply
                apply
                  variable go
                  variable __ev_Eq
                variable __ev_Ord_1
              variable x
            variable xs
  function minimum :: __Dict_Eq -> __Dict_Ord -> Nest t591 -> t591
    pat_var __ev_Eq
    pat_var __ev_Ord_1
    pat_var t
    case
      apply
        evidence_method Foldable.toList evidence= nullary=0
          instance Nest
        variable t
      alt
        pat_nil
        apply
          variable error
          string "Foldable.minimum: empty structure"
      alt
        pat_cons
          pat_var x
          pat_var xs
        let
          binding
            pat_var go
            lambda
              pat_var __ev_dict2
              pat_var __ev_dict3
              lambda
                pat_var acc
                pat_var ys
                case
                  variable ys
                  alt
                    pat_nil
                    variable acc
                  alt
                    pat_cons
                      pat_var y
                      pat_var rest
                    apply
                      apply
                        apply
                          apply
                            variable go
                            variable __ev_dict2
                          variable __ev_dict3
                        apply
                          apply
                            evidence_method Ord.min evidence=__ev_dict3 nullary=0
                            variable acc
                          variable y
                      variable rest
          apply
            apply
              apply
                apply
                  variable go
                  variable __ev_Eq
                variable __ev_Ord_1
              variable x
            variable xs
  function sum :: __Dict_Num -> Nest t604 -> t604
    pat_var __ev_Num
    pat_var t
    apply
      apply
        apply
          evidence_method Foldable.foldl evidence= nullary=0
            instance Nest
          lambda
            pat_var a
            pat_var b
            apply
              apply
                evidence_method Num.+ evidence=__ev_Num nullary=0
                variable a
              variable b
        apply
          evidence_method Num.fromInteger evidence=__ev_Num nullary=0
          intrinsic intToInteger#
            integer 0
      variable t
  function product :: __Dict_Num -> Nest t621 -> t621
    pat_var __ev_Num
    pat_var t
    apply
      apply
        apply
          evidence_method Foldable.foldl evidence= nullary=0
            instance Nest
          lambda
            pat_var a
            pat_var b
            apply
              apply
                evidence_method Num.* evidence=__ev_Num nullary=0
                variable a
              variable b
        apply
          evidence_method Num.fromInteger evidence=__ev_Num nullary=0
          intrinsic intToInteger#
            integer 1
      variable t
  function foldr1 :: t640 -> t640 -> t640 -> Nest t640 -> t640
    pat_var f
    pat_var t
    let
      binding
        pat_var go
        lambda
          pat_var ys
          case
            variable ys
            alt
              pat_nil
              apply
                variable error
                string "Foldable.foldr1: empty structure"
            alt
              pat_cons
                pat_var x
                pat_nil
              variable x
            alt
              pat_cons
                pat_var x
                pat_var zs
              apply
                apply
                  variable f
                  variable x
                apply
                  variable go
                  variable zs
      apply
        variable go
        apply
          evidence_method Foldable.toList evidence= nullary=0
            instance Nest
          variable t
  function foldl1 :: t661 -> t661 -> t661 -> Nest t661 -> t661
    pat_var f
    pat_var t
    case
      apply
        evidence_method Foldable.toList evidence= nullary=0
          instance Nest
        variable t
      alt
        pat_nil
        apply
          variable error
          string "Foldable.foldl1: empty structure"
      alt
        pat_cons
          pat_var x
          pat_var xs
        let
          binding
            pat_var go
            lambda
              pat_var acc
              pat_var ys
              case
                variable ys
                alt
                  pat_nil
                  variable acc
                alt
                  pat_cons
                    pat_var y
                    pat_var rest
                  apply
                    apply
                      variable go
                      apply
                        apply
                          variable f
                          variable acc
                        variable y
                    variable rest
          apply
            apply
              variable go
              variable x
            variable xs
  function mapped :: Nest Int
    apply
      apply
        evidence_method Functor.map evidence= nullary=0
          instance Nest
        lambda
          pat_var x
          infix +
            variable x
            integer 1
      apply
        constructor_ref Nest
        apply
          constructor_ref Just
          apply
            constructor_ref Just
            integer 1
  function folded :: Int
    apply
      apply
        apply
          evidence_method Foldable.foldr evidence= nullary=0
            instance Nest
          lambda
            pat_var x
            pat_var y
            infix +
              variable x
              variable y
        integer 0
      apply
        constructor_ref Nest
        apply
          constructor_ref Just
          apply
            constructor_ref Just
            integer 4
