public class moggi.Interactive {
  public static java.lang.Object __repl_inspect();
    Code:
         0: invokestatic  #20                 // Method foo:()Ljava/lang/Object;
         3: areturn
         4: aconst_null
         5: areturn
}
public class moggi.Interactive {
  public static java.lang.Object Per(java.lang.Object, java.lang.Object, java.lang.Object);
    Code:
         0: ldc           #20                 // String Per
         2: iconst_3
         3: anewarray     #4                  // class java/lang/Object
         6: dup
         7: iconst_0
         8: aload_0
         9: aastore
        10: dup
        11: iconst_1
        12: aload_1
        13: aastore
        14: dup
        15: iconst_2
        16: aload_2
        17: aastore
        18: invokestatic  #26                 // Method moggi/rt/RT.con:(Ljava/lang/String;[Ljava/lang/Object;)Lmoggi/rt/Con;
        21: areturn
}
