nan==nan: False
nan/=nan: True
0.0==-0.0: True
cmp nan 1: True
cmp nan nan: True
cmp -0.0 0.0: True
nan<1: False
nan>1: True
nan<=nan: False
inf==1/0: True
inf+1==inf: True
inf-inf is nan: True
recip 0 == inf: True
signum -0.0 neg: True
signum 0.0 pos: True
8.0
0.1
1.0e10
100.0
1.0e-4
1.23456789e8
1.0e-10
0.0
Infinity
NaN
-0.0
0.30000000000000004
3.141592653589793
-1.0e10
sqrt 4 == 2: True
exp 0 == 1: True
log 1 == 0: True
log (exp 1) ~ 1: True
sin 0 == 0: True
cos 0 == 1: True
asin 0 == 0: True
acos 1 == 0: True
atan 0 == 0: True
2 ** 10 ~ 1024: True
logBase 2 8 ~ 3: True
sinh 0 == 0: True
cosh 0 == 1: True
asinh 0 == 0: True
acosh 1 == 0: True
atanh 0 == 0: True
tan (pi/4) ~ 1: True
tanh 0 == 0: True
pi ~ 3.141592653589793: True
2.0
3.141592653589793
