<?php declare(strict_types=1);

namespace Main;

const __MOGGI_MAP = [[23 => ['Main.useMaybe', 'tests/backend/codegen/Typed-Let.mog', 8, 21]], ['Main\\useInt' => ['Main.useInt', 'tests/backend/codegen/Typed-Let.mog', 1, 1], 'Main\\useDouble' => ['Main.useDouble', 'tests/backend/codegen/Typed-Let.mog', 4, 1], 'Main\\useMaybe' => ['Main.useMaybe', 'tests/backend/codegen/Typed-Let.mog', 7, 1], 'Main\\fromMaybe' => ['Main.fromMaybe', 'tests/backend/codegen/Typed-Let.mog', 11, 17], 'Main\\useFromMaybe' => ['Main.useFromMaybe', 'tests/backend/codegen/Typed-Let.mog', 15, 1], 'Main\\nested' => ['Main.nested', 'tests/backend/codegen/Typed-Let.mog', 18, 1], 'Main\\useString' => ['Main.useString', 'tests/backend/codegen/Typed-Let.mog', 21, 1], 'Main\\ascribedCall' => ['Main.ascribedCall', 'tests/backend/codegen/Typed-Let.mog', 25, 19]]];

require_once __DIR__ . '/../../../lib/Data/Maybe.php';

function moggi_u64_add(int $a, int $b): int { $ao = $a & 0xffffffff; $ah = ($a >> 32) & 0xffffffff; $bo = $b & 0xffffffff; $bh = ($b >> 32) & 0xffffffff; $lo = $ao + $bo; $c = ($lo >> 32) & 0xffffffff; $hi = ($ah + $bh + $c) & 0xffffffff; return ($hi << 32) | ($lo & 0xffffffff); }
function moggi_u64_sub(int $a, int $b): int { $ao = $a & 0xffffffff; $ah = ($a >> 32) & 0xffffffff; $bo = $b & 0xffffffff; $bh = ($b >> 32) & 0xffffffff; $lo = $ao - $bo; $bw = $lo < 0 ? 1 : 0; $hi = ($ah - $bh - $bw) & 0xffffffff; return ($hi << 32) | ($lo & 0xffffffff); }
function moggi_u64_mul(int $a, int $b): int { $a0 = $a & 0xffff; $a1 = ($a >> 16) & 0xffff; $a2 = ($a >> 32) & 0xffff; $a3 = ($a >> 48) & 0xffff; $b0 = $b & 0xffff; $b1 = ($b >> 16) & 0xffff; $b2 = ($b >> 32) & 0xffff; $b3 = ($b >> 48) & 0xffff; $low = $a0 * $b0; $cy = ($low >> 16) & 0xffff; $m1 = $a0 * $b1 + $a1 * $b0 + $cy; $cy = ($m1 >> 16) & 0xffffffff; $m2 = $a0 * $b2 + $a1 * $b1 + $a2 * $b0 + $cy; $cy = ($m2 >> 16) & 0xffffffff; $hi = $a0 * $b3 + $a1 * $b2 + $a2 * $b1 + $a3 * $b0 + $cy; return (($hi & 0xffff) << 48) | (($m2 & 0xffff) << 32) | (($m1 & 0xffff) << 16) | ($low & 0xffff); }
function moggi_i64_add(int $a, int $b): int { $r = $a + $b; return \is_int($r) ? $r : moggi_u64_add($a, $b); }

function useInt($x) {
    return (\is_int($__m64 = $x + 1) ? $__m64 : moggi_u64_add($x, 1));
}

function useDouble() {
    return 1.0;
}

function useMaybe() {
    return ["Just", "hello"];
}

function fromMaybe($d, $m) {
    return match ((($m)[0] ?? null)) {
        'Just' => $m[1],
        'Nothing' => $d,
    };
}

function useFromMaybe() {
    return "ok";
}

function nested($x) {
    return (\is_int($__m64 = $x + 3) ? $__m64 : moggi_u64_add($x, 3));
}

function useString() {
    return "hi";
}

function ascribedCall($x) {
    return (\is_int($__m64 = $x + 1) ? $__m64 : moggi_u64_add($x, 1));
}
