tests/semantics/bad-foreign-import-dotnet/lib/Platform.mog:9:25: type error: foreign import backend `dotnet` does not match compile backend `jvm`

Did you mean this?
    jvm

   9 | foreign dotnet function hostToString "System.Convert:ToString" :: Int -> String
     |                         ^^^^^^^^^^^^
