tests/semantics/bad-foreign-import-jvm/lib/Platform.mog:9:22: type error: foreign import backend `jvm` does not match compile backend `dotnet`

Did you mean this?
    dotnet

   9 | foreign jvm function hostToString "java.lang.Long:toString" :: Int -> String
     |                      ^^^^^^^^^^^^
